Starting simulations (main3 — LEVEL×DEPTH):
  level = 0
  depth = 2
  maps = 1
  runs per map = 1
  threads = 1
  output dir = /Users/lie-panis/Library/CloudStorage/Dropbox/1. Research projects/2. Ongoing/Cutting the line/line_modeling-worktrees/proj2-nerfed/src/../data/simulations/debug_main7_yesE_2026-04-27_090018/raw
  save trajectories = true

Starting map yes_line_E (thread 1)
[1] map=yes_line_E.pddl run=1
[DEBUG d>=2] k=7 (idx=1 in order) at (6, 10) — 3 candidates, lookahead=1
  * wait(agent7)                                        value=48.0000
    up(agent7)                                          value=46.0000
    down(agent7)                                        value=46.0000
        chosen: wait(agent7)  (best_value=48.0000)
[DEBUG d>=2] k=4 (idx=2 in order) at (9, 10) — 3 candidates, lookahead=1
  * wait(agent4)                                        value=43.0000
    up(agent4)                                          value=43.0000
    down(agent4)                                        value=43.0000
        chosen: wait(agent4)  (best_value=43.0000)
[DEBUG d>=2] k=2 (idx=3 in order) at (11, 10) — 3 candidates, lookahead=1
    wait(agent2)                                        value=39.0000
  * up(agent2)                                          value=43.0000
    down(agent2)                                        value=40.0000
        chosen: up(agent2)  (best_value=43.0000)
[DEBUG d>=2] k=3 (idx=4 in order) at (10, 10) — 5 candidates, lookahead=1
  * left(agent3)                                        value=43.0000
    right(agent3)                                       value=39.0000
    wait(agent3)                                        value=40.0000
    up(agent3)                                          value=42.0000
    down(agent3)                                        value=43.0000
        chosen: left(agent3)  (best_value=43.0000)
[DEBUG d>=2] k=1 (idx=5 in order) at (12, 10) — 4 candidates, lookahead=1
    left(agent1)                                        value=33.0000
    right(agent1)                                       value=32.0000
    wait(agent1)                                        value=32.0000
  * down(agent1)                                        value=35.0000
        chosen: down(agent1)  (best_value=35.0000)
[DEBUG d>=2] k=8 (idx=6 in order) at (5, 10) — 5 candidates, lookahead=1
    left(agent8)                                        value=49.0000
    right(agent8)                                       value=48.0000
    wait(agent8)                                        value=48.0000
  * up(agent8)                                          value=50.0000
    down(agent8)                                        value=48.0000
        chosen: up(agent8)  (best_value=50.0000)
[DEBUG d>=2] k=5 (idx=7 in order) at (8, 10) — 4 candidates, lookahead=1
    right(agent5)                                       value=43.0000
    wait(agent5)                                        value=43.0000
  * up(agent5)                                          value=44.0000
    down(agent5)                                        value=44.0000
        chosen: up(agent5)  (best_value=44.0000)
[DEBUG d>=2] k=6 (idx=8 in order) at (7, 10) — 4 candidates, lookahead=1
    right(agent6)                                       value=45.0000
  * wait(agent6)                                        value=46.0000
    up(agent6)                                          value=46.0000
    down(agent6)                                        value=45.0000
        chosen: wait(agent6)  (best_value=46.0000)
[DEBUG d>=2] k=7 (idx=1 in order) at (6, 10) — 4 candidates, lookahead=1
  * left(agent7)                                        value=47.0000
    wait(agent7)                                        value=46.0000
    up(agent7)                                          value=47.0000
    down(agent7)                                        value=45.0000
        chosen: left(agent7)  (best_value=47.0000)
[DEBUG d>=2] k=4 (idx=2 in order) at (9, 10) — 4 candidates, lookahead=1
  * left(agent4)                                        value=44.0000
    wait(agent4)                                        value=43.0000
    up(agent4)                                          value=44.0000
    down(agent4)                                        value=42.0000
        chosen: left(agent4)  (best_value=44.0000)
[DEBUG d>=2] k=2 (idx=3 in order) at (11, 9) — 4 candidates, lookahead=1
    left(agent2)                                        value=41.0000
    wait(agent2)                                        value=42.0000
  * up(agent2)                                          value=43.0000
    down(agent2)                                        value=38.0000
        chosen: up(agent2)  (best_value=43.0000)
[DEBUG d>=2] k=3 (idx=4 in order) at (10, 10) — 4 candidates, lookahead=1
  * left(agent3)                                        value=41.0000
    wait(agent3)                                        value=39.0000
    up(agent3)                                          value=41.0000
    down(agent3)                                        value=38.0000
        chosen: left(agent3)  (best_value=41.0000)
[DEBUG d>=2] k=1 (idx=5 in order) at (12, 11) — 5 candidates, lookahead=1
  * left(agent1)                                        value=38.0000
    right(agent1)                                       value=36.0000
    wait(agent1)                                        value=37.0000
    up(agent1)                                          value=36.0000
    down(agent1)                                        value=38.0000
        chosen: left(agent1)  (best_value=38.0000)
[DEBUG d>=2] k=8 (idx=6 in order) at (5, 9) — 5 candidates, lookahead=1
  * left(agent8)                                        value=49.0000
    right(agent8)                                       value=49.0000
    wait(agent8)                                        value=48.0000
    up(agent8)                                          value=49.0000
    down(agent8)                                        value=47.0000
        chosen: left(agent8)  (best_value=49.0000)
[DEBUG d>=2] k=5 (idx=7 in order) at (8, 9) — 5 candidates, lookahead=1
    left(agent5)                                        value=46.0000
    right(agent5)                                       value=46.0000
  * wait(agent5)                                        value=47.0000
    up(agent5)                                          value=46.0000
    down(agent5)                                        value=44.0000
        chosen: wait(agent5)  (best_value=47.0000)
[DEBUG d>=2] k=6 (idx=8 in order) at (7, 10) — 4 candidates, lookahead=1
  * left(agent6)                                        value=46.0000
    wait(agent6)                                        value=45.0000
    up(agent6)                                          value=46.0000
    down(agent6)                                        value=44.0000
        chosen: left(agent6)  (best_value=46.0000)
[DEBUG d>=2] k=7 (idx=1 in order) at (5, 10) — 4 candidates, lookahead=1
  * left(agent7)                                        value=48.0000
    wait(agent7)                                        value=47.0000
    up(agent7)                                          value=45.0000
    down(agent7)                                        value=46.0000
        chosen: left(agent7)  (best_value=48.0000)
[DEBUG d>=2] k=4 (idx=2 in order) at (8, 10) — 3 candidates, lookahead=1
  * left(agent4)                                        value=41.0000
    wait(agent4)                                        value=40.0000
    down(agent4)                                        value=39.0000
        chosen: left(agent4)  (best_value=41.0000)
[DEBUG d>=2] k=2 (idx=3 in order) at (11, 8) — 4 candidates, lookahead=1
    left(agent2)                                        value=39.0000
    wait(agent2)                                        value=37.0000
  * up(agent2)                                          value=48.0000
    down(agent2)                                        value=44.0000
        chosen: up(agent2)  (best_value=48.0000)
[DEBUG d>=2] k=3 (idx=4 in order) at (9, 10) — 5 candidates, lookahead=1
    left(agent3)                                        value=37.0000
    right(agent3)                                       value=40.0000
  * wait(agent3)                                        value=41.0000
    up(agent3)                                          value=38.0000
    down(agent3)                                        value=38.0000
        chosen: wait(agent3)  (best_value=41.0000)
[DEBUG d>=2] k=1 (idx=5 in order) at (11, 11) — 5 candidates, lookahead=1
  * left(agent1)                                        value=39.0000
    right(agent1)                                       value=37.0000
    wait(agent1)                                        value=37.0000
    up(agent1)                                          value=37.0000
    down(agent1)                                        value=39.0000
        chosen: left(agent1)  (best_value=39.0000)
[DEBUG d>=2] k=8 (idx=6 in order) at (4, 9) — 5 candidates, lookahead=1
  * left(agent8)                                        value=47.0000
    right(agent8)                                       value=45.0000
    wait(agent8)                                        value=46.0000
    up(agent8)                                          value=47.0000
    down(agent8)                                        value=47.0000
        chosen: left(agent8)  (best_value=47.0000)
[DEBUG d>=2] k=5 (idx=7 in order) at (8, 9) — 5 candidates, lookahead=1
  * left(agent5)                                        value=44.0000
    right(agent5)                                       value=42.0000
    wait(agent5)                                        value=43.0000
    up(agent5)                                          value=44.0000
    down(agent5)                                        value=40.0000
        chosen: left(agent5)  (best_value=44.0000)
[DEBUG d>=2] k=6 (idx=8 in order) at (6, 10) — 5 candidates, lookahead=1
    left(agent6)                                        value=43.0000
  * right(agent6)                                       value=45.0000
    wait(agent6)                                        value=42.0000
    up(agent6)                                          value=45.0000
    down(agent6)                                        value=43.0000
        chosen: right(agent6)  (best_value=45.0000)
[DEBUG d>=2] k=7 (idx=1 in order) at (4, 10) — 5 candidates, lookahead=1
  * left(agent7)                                        value=48.0000
    right(agent7)                                       value=46.0000
    wait(agent7)                                        value=46.0000
    up(agent7)                                          value=46.0000
    down(agent7)                                        value=46.0000
        chosen: left(agent7)  (best_value=48.0000)
[DEBUG d>=2] k=4 (idx=2 in order) at (7, 10) — 3 candidates, lookahead=1
    right(agent4)                                       value=40.0000
    wait(agent4)                                        value=41.0000
  * down(agent4)                                        value=42.0000
        chosen: down(agent4)  (best_value=42.0000)
[DEBUG d>=2] k=2 (idx=3 in order) at (11, 7) — 4 candidates, lookahead=1
  * left(agent2)                                        value=40.0000
    wait(agent2)                                        value=39.0000
    up(agent2)                                          value=40.0000
    down(agent2)                                        value=38.0000
        chosen: left(agent2)  (best_value=40.0000)
[DEBUG d>=2] k=3 (idx=4 in order) at (9, 10) — 4 candidates, lookahead=1
    right(agent3)                                       value=36.0000
  * wait(agent3)                                        value=39.0000
    up(agent3)                                          value=38.0000
    down(agent3)                                        value=38.0000
        chosen: wait(agent3)  (best_value=39.0000)
[DEBUG d>=2] k=1 (idx=5 in order) at (10, 11) — 4 candidates, lookahead=1
  * left(agent1)                                        value=38.0000
    right(agent1)                                       value=36.0000
    wait(agent1)                                        value=37.0000
    down(agent1)                                        value=38.0000
        chosen: left(agent1)  (best_value=38.0000)
[DEBUG d>=2] k=8 (idx=6 in order) at (3, 9) — 5 candidates, lookahead=1
  * left(agent8)                                        value=47.0000
    right(agent8)                                       value=45.0000
    wait(agent8)                                        value=46.0000
    up(agent8)                                          value=45.0000
    down(agent8)                                        value=47.0000
        chosen: left(agent8)  (best_value=47.0000)
[DEBUG d>=2] k=5 (idx=7 in order) at (7, 9) — 5 candidates, lookahead=1
    left(agent5)                                        value=40.0000
    right(agent5)                                       value=40.0000
    wait(agent5)                                        value=40.0000
  * up(agent5)                                          value=42.0000
    down(agent5)                                        value=42.0000
        chosen: up(agent5)  (best_value=42.0000)
[DEBUG d>=2] k=6 (idx=8 in order) at (6, 10) — 4 candidates, lookahead=1
  * right(agent6)                                       value=44.0000
    wait(agent6)                                        value=44.0000
    up(agent6)                                          value=43.0000
    down(agent6)                                        value=44.0000
        chosen: right(agent6)  (best_value=44.0000)
[DEBUG d>=2] k=7 (idx=1 in order) at (3, 10) — 5 candidates, lookahead=1
    left(agent7)                                        value=46.0000
    right(agent7)                                       value=44.0000
  * wait(agent7)                                        value=47.0000
    up(agent7)                                          value=47.0000
    down(agent7)                                        value=46.0000
        chosen: wait(agent7)  (best_value=47.0000)
[DEBUG d>=2] k=4 (idx=2 in order) at (7, 11) — 4 candidates, lookahead=1
  * left(agent4)                                        value=43.0000
    right(agent4)                                       value=42.0000
    wait(agent4)                                        value=42.0000
    down(agent4)                                        value=42.0000
        chosen: left(agent4)  (best_value=43.0000)
[DEBUG d>=2] k=2 (idx=3 in order) at (10, 7) — 5 candidates, lookahead=1
  * left(agent2)                                        value=41.0000
    right(agent2)                                       value=38.0000
    wait(agent2)                                        value=39.0000
    up(agent2)                                          value=40.0000
    down(agent2)                                        value=38.0000
        chosen: left(agent2)  (best_value=41.0000)
[DEBUG d>=2] k=3 (idx=4 in order) at (9, 10) — 4 candidates, lookahead=1
    left(agent3)                                        value=36.0000
    right(agent3)                                       value=36.0000
    wait(agent3)                                        value=37.0000
  * up(agent3)                                          value=38.0000
        chosen: up(agent3)  (best_value=38.0000)
[DEBUG d>=2] k=1 (idx=5 in order) at (9, 11) — 5 candidates, lookahead=1
    left(agent1)                                        value=38.0000
    right(agent1)                                       value=37.0000
    wait(agent1)                                        value=38.0000
  * up(agent1)                                          value=39.0000
    down(agent1)                                        value=39.0000
        chosen: up(agent1)  (best_value=39.0000)
[DEBUG d>=2] k=8 (idx=6 in order) at (2, 9) — 4 candidates, lookahead=1
    right(agent8)                                       value=46.0000
  * wait(agent8)                                        value=47.0000
    up(agent8)                                          value=46.0000
    down(agent8)                                        value=45.0000
        chosen: wait(agent8)  (best_value=47.0000)
[DEBUG d>=2] k=5 (idx=7 in order) at (7, 8) — 5 candidates, lookahead=1
  * left(agent5)                                        value=42.0000
    right(agent5)                                       value=40.0000
    wait(agent5)                                        value=41.0000
    up(agent5)                                          value=42.0000
    down(agent5)                                        value=40.0000
        chosen: left(agent5)  (best_value=42.0000)
[DEBUG d>=2] k=6 (idx=8 in order) at (7, 10) — 4 candidates, lookahead=1
  * left(agent6)                                        value=42.0000
    right(agent6)                                       value=40.0000
    wait(agent6)                                        value=41.0000
    down(agent6)                                        value=42.0000
        chosen: left(agent6)  (best_value=42.0000)
[DEBUG d>=2] k=7 (idx=1 in order) at (3, 10) — 5 candidates, lookahead=1
  * left(agent7)                                        value=49.0000
    right(agent7)                                       value=47.0000
    wait(agent7)                                        value=49.0000
    up(agent7)                                          value=47.0000
    down(agent7)                                        value=48.0000
        chosen: left(agent7)  (best_value=49.0000)
[DEBUG d>=2] k=4 (idx=2 in order) at (6, 11) — 4 candidates, lookahead=1
  * left(agent4)                                        value=44.0000
    right(agent4)                                       value=40.0000
    wait(agent4)                                        value=41.0000
    down(agent4)                                        value=43.0000
        chosen: left(agent4)  (best_value=44.0000)
[DEBUG d>=2] k=2 (idx=3 in order) at (9, 7) — 5 candidates, lookahead=1
  * left(agent2)                                        value=42.0000
    right(agent2)                                       value=40.0000
    wait(agent2)                                        value=41.0000
    up(agent2)                                          value=42.0000
    down(agent2)                                        value=39.0000
        chosen: left(agent2)  (best_value=42.0000)
[DEBUG d>=2] k=3 (idx=4 in order) at (9, 9) — 3 candidates, lookahead=1
  * left(agent3)                                        value=39.0000
    right(agent3)                                       value=37.0000
    wait(agent3)                                        value=38.0000
        chosen: left(agent3)  (best_value=39.0000)
[DEBUG d>=2] k=1 (idx=5 in order) at (9, 10) — 5 candidates, lookahead=1
  * left(agent1)                                        value=38.0000
    right(agent1)                                       value=36.0000
    wait(agent1)                                        value=37.0000
    up(agent1)                                          value=38.0000
    down(agent1)                                        value=38.0000
        chosen: left(agent1)  (best_value=38.0000)
[DEBUG d>=2] k=8 (idx=6 in order) at (2, 9) — 3 candidates, lookahead=1
  * wait(agent8)                                        value=50.0000
    up(agent8)                                          value=49.0000
    down(agent8)                                        value=49.0000
        chosen: wait(agent8)  (best_value=50.0000)
[DEBUG d>=2] k=5 (idx=7 in order) at (6, 8) — 5 candidates, lookahead=1
  * left(agent5)                                        value=46.0000
    right(agent5)                                       value=41.0000
    wait(agent5)                                        value=45.0000
    up(agent5)                                          value=44.0000
    down(agent5)                                        value=44.0000
        chosen: left(agent5)  (best_value=46.0000)
[DEBUG d>=2] k=6 (idx=8 in order) at (6, 10) — 5 candidates, lookahead=1
  * left(agent6)                                        value=44.0000
    right(agent6)                                       value=42.0000
    wait(agent6)                                        value=44.0000
    up(agent6)                                          value=42.0000
    down(agent6)                                        value=43.0000
        chosen: left(agent6)  (best_value=44.0000)
[DEBUG d>=2] k=7 (idx=1 in order) at (2, 10) — 3 candidates, lookahead=1
    right(agent7)                                       value=48.0000
  * wait(agent7)                                        value=49.0000
    down(agent7)                                        value=49.0000
        chosen: wait(agent7)  (best_value=49.0000)
[DEBUG d>=2] k=4 (idx=2 in order) at (5, 11) — 4 candidates, lookahead=1
  * left(agent4)                                        value=45.0000
    right(agent4)                                       value=41.0000
    wait(agent4)                                        value=42.0000
    down(agent4)                                        value=43.0000
        chosen: left(agent4)  (best_value=45.0000)
[DEBUG d>=2] k=2 (idx=3 in order) at (8, 7) — 5 candidates, lookahead=1
  * left(agent2)                                        value=43.0000
    right(agent2)                                       value=41.0000
    wait(agent2)                                        value=42.0000
    up(agent2)                                          value=43.0000
    down(agent2)                                        value=40.0000
        chosen: left(agent2)  (best_value=43.0000)
[DEBUG d>=2] k=3 (idx=4 in order) at (8, 9) — 4 candidates, lookahead=1
  * left(agent3)                                        value=40.0000
    right(agent3)                                       value=38.0000
    wait(agent3)                                        value=39.0000
    up(agent3)                                          value=40.0000
        chosen: left(agent3)  (best_value=40.0000)
[DEBUG d>=2] k=1 (idx=5 in order) at (8, 10) — 5 candidates, lookahead=1
  * left(agent1)                                        value=39.0000
    right(agent1)                                       value=37.0000
    wait(agent1)                                        value=38.0000
    up(agent1)                                          value=39.0000
    down(agent1)                                        value=39.0000
        chosen: left(agent1)  (best_value=39.0000)
[DEBUG d>=2] k=8 (idx=6 in order) at (2, 9) — 4 candidates, lookahead=1
    right(agent8)                                       value=47.0000
    wait(agent8)                                        value=48.0000
  * up(agent8)                                          value=49.0000
    down(agent8)                                        value=49.0000
        chosen: up(agent8)  (best_value=49.0000)
[DEBUG d>=2] k=5 (idx=7 in order) at (5, 8) — 5 candidates, lookahead=1
    left(agent5)                                        value=44.0000
    right(agent5)                                       value=42.0000
    wait(agent5)                                        value=43.0000
  * up(agent5)                                          value=45.0000
    down(agent5)                                        value=44.0000
        chosen: up(agent5)  (best_value=45.0000)
[DEBUG d>=2] k=6 (idx=8 in order) at (5, 10) — 5 candidates, lookahead=1
  * left(agent6)                                        value=45.0000
    right(agent6)                                       value=43.0000
    wait(agent6)                                        value=44.0000
    up(agent6)                                          value=44.0000
    down(agent6)                                        value=44.0000
        chosen: left(agent6)  (best_value=45.0000)
[DEBUG d>=2] k=7 (idx=1 in order) at (2, 10) — 4 candidates, lookahead=1
    right(agent7)                                       value=48.0000
  * wait(agent7)                                        value=50.0000
    up(agent7)                                          value=48.0000
    down(agent7)                                        value=49.0000
        chosen: wait(agent7)  (best_value=50.0000)
[DEBUG d>=2] k=4 (idx=2 in order) at (4, 11) — 4 candidates, lookahead=1
  * left(agent4)                                        value=47.0000
    right(agent4)                                       value=42.0000
    wait(agent4)                                        value=43.0000
    down(agent4)                                        value=44.0000
        chosen: left(agent4)  (best_value=47.0000)
[DEBUG d>=2] k=2 (idx=3 in order) at (7, 7) — 5 candidates, lookahead=1
  * left(agent2)                                        value=44.0000
    right(agent2)                                       value=42.0000
    wait(agent2)                                        value=43.0000
    up(agent2)                                          value=44.0000
    down(agent2)                                        value=42.0000
        chosen: left(agent2)  (best_value=44.0000)
[DEBUG d>=2] k=3 (idx=4 in order) at (7, 9) — 4 candidates, lookahead=1
    left(agent3)                                        value=40.0000
    right(agent3)                                       value=39.0000
    wait(agent3)                                        value=40.0000
  * up(agent3)                                          value=41.0000
        chosen: up(agent3)  (best_value=41.0000)
[DEBUG d>=2] k=1 (idx=5 in order) at (7, 10) — 5 candidates, lookahead=1
  * left(agent1)                                        value=40.0000
    right(agent1)                                       value=38.0000
    wait(agent1)                                        value=39.0000
    up(agent1)                                          value=39.0000
    down(agent1)                                        value=40.0000
        chosen: left(agent1)  (best_value=40.0000)
[DEBUG d>=2] k=8 (idx=6 in order) at (2, 8) — 3 candidates, lookahead=1
    right(agent8)                                       value=49.0000
  * wait(agent8)                                        value=50.0000
    up(agent8)                                          value=48.0000
        chosen: wait(agent8)  (best_value=50.0000)
[DEBUG d>=2] k=5 (idx=7 in order) at (5, 7) — 5 candidates, lookahead=1
  * left(agent5)                                        value=46.0000
    right(agent5)                                       value=44.0000
    wait(agent5)                                        value=45.0000
    up(agent5)                                          value=46.0000
    down(agent5)                                        value=44.0000
        chosen: left(agent5)  (best_value=46.0000)
[DEBUG d>=2] k=6 (idx=8 in order) at (4, 10) — 5 candidates, lookahead=1
    left(agent6)                                        value=45.0000
    right(agent6)                                       value=44.0000
    wait(agent6)                                        value=44.0000
    up(agent6)                                          value=45.0000
  * down(agent6)                                        value=46.0000
        chosen: down(agent6)  (best_value=46.0000)
[DEBUG d>=2] k=7 (idx=1 in order) at (2, 10) — 4 candidates, lookahead=1
    right(agent7)                                       value=44.0000
    wait(agent7)                                        value=45.0000
    up(agent7)                                          value=44.0000
  * down(agent7)                                        value=48.0000
        chosen: down(agent7)  (best_value=48.0000)
[DEBUG d>=2] k=4 (idx=2 in order) at (3, 11) — 3 candidates, lookahead=1
  * left(agent4)                                        value=47.0000
    wait(agent4)                                        value=46.0000
    down(agent4)                                        value=45.0000
        chosen: left(agent4)  (best_value=47.0000)
[DEBUG d>=2] k=2 (idx=3 in order) at (6, 7) — 5 candidates, lookahead=1
    left(agent2)                                        value=43.0000
    right(agent2)                                       value=42.0000
  * wait(agent2)                                        value=44.0000
    up(agent2)                                          value=44.0000
    down(agent2)                                        value=42.0000
        chosen: wait(agent2)  (best_value=44.0000)
[DEBUG d>=2] k=3 (idx=4 in order) at (7, 8) — 4 candidates, lookahead=1
  * right(agent3)                                       value=41.0000
    wait(agent3)                                        value=41.0000
    up(agent3)                                          value=41.0000
    down(agent3)                                        value=40.0000
        chosen: right(agent3)  (best_value=41.0000)
[DEBUG d>=2] k=1 (idx=5 in order) at (6, 10) — 5 candidates, lookahead=1
    left(agent1)                                        value=39.0000
    right(agent1)                                       value=38.0000
    wait(agent1)                                        value=40.0000
  * up(agent1)                                          value=41.0000
    down(agent1)                                        value=41.0000
        chosen: up(agent1)  (best_value=41.0000)
[DEBUG d>=2] k=8 (idx=6 in order) at (2, 8) — 4 candidates, lookahead=1
    right(agent8)                                       value=48.0000
  * wait(agent8)                                        value=49.0000
    up(agent8)                                          value=48.0000
    down(agent8)                                        value=46.0000
        chosen: wait(agent8)  (best_value=49.0000)
[DEBUG d>=2] k=5 (idx=7 in order) at (4, 7) — 5 candidates, lookahead=1
  * left(agent5)                                        value=46.0000
    right(agent5)                                       value=45.0000
    wait(agent5)                                        value=45.0000
    up(agent5)                                          value=46.0000
    down(agent5)                                        value=44.0000
        chosen: left(agent5)  (best_value=46.0000)
[DEBUG d>=2] k=6 (idx=8 in order) at (4, 11) — 5 candidates, lookahead=1
    left(agent6)                                        value=43.0000
    right(agent6)                                       value=42.0000
    wait(agent6)                                        value=43.0000
  * up(agent6)                                          value=44.0000
    down(agent6)                                        value=44.0000
        chosen: up(agent6)  (best_value=44.0000)
[DEBUG d>=2] k=7 (idx=1 in order) at (2, 11) — 4 candidates, lookahead=1
  * left(agent7)                                        value=48.0000
    wait(agent7)                                        value=47.0000
    up(agent7)                                          value=46.0000
    down(agent7)                                        value=45.0000
        chosen: left(agent7)  (best_value=48.0000)
[DEBUG d>=2] k=4 (idx=2 in order) at (3, 11) — 5 candidates, lookahead=1
    left(agent4)                                        value=45.0000
    right(agent4)                                       value=43.0000
  * wait(agent4)                                        value=46.0000
    up(agent4)                                          value=45.0000
    down(agent4)                                        value=44.0000
        chosen: wait(agent4)  (best_value=46.0000)
[DEBUG d>=2] k=2 (idx=3 in order) at (6, 7) — 5 candidates, lookahead=1
  * left(agent2)                                        value=43.0000
    right(agent2)                                       value=43.0000
    wait(agent2)                                        value=42.0000
    up(agent2)                                          value=43.0000
    down(agent2)                                        value=42.0000
        chosen: left(agent2)  (best_value=43.0000)
[DEBUG d>=2] k=3 (idx=4 in order) at (8, 8) — 5 candidates, lookahead=1
  * left(agent3)                                        value=41.0000
    right(agent3)                                       value=39.0000
    wait(agent3)                                        value=40.0000
    up(agent3)                                          value=41.0000
    down(agent3)                                        value=38.0000
        chosen: left(agent3)  (best_value=41.0000)
[DEBUG d>=2] k=1 (idx=5 in order) at (6, 9) — 4 candidates, lookahead=1
  * left(agent1)                                        value=41.0000
    right(agent1)                                       value=39.0000
    wait(agent1)                                        value=40.0000
    down(agent1)                                        value=39.0000
        chosen: left(agent1)  (best_value=41.0000)
[DEBUG d>=2] k=8 (idx=6 in order) at (2, 8) — 4 candidates, lookahead=1
    right(agent8)                                       value=45.0000
    wait(agent8)                                        value=45.0000
  * up(agent8)                                          value=46.0000
    down(agent8)                                        value=44.0000
        chosen: up(agent8)  (best_value=46.0000)
[DEBUG d>=2] k=5 (idx=7 in order) at (3, 7) — 4 candidates, lookahead=1
  * left(agent5)                                        value=48.0000
    right(agent5)                                       value=45.0000
    wait(agent5)                                        value=46.0000
    up(agent5)                                          value=47.0000
        chosen: left(agent5)  (best_value=48.0000)
[DEBUG d>=2] k=6 (idx=8 in order) at (4, 10) — 4 candidates, lookahead=1
    left(agent6)                                        value=41.0000
    right(agent6)                                       value=42.0000
  * wait(agent6)                                        value=43.0000
    up(agent6)                                          value=41.0000
        chosen: wait(agent6)  (best_value=43.0000)
[DEBUG d>=2] k=7 (idx=1 in order) at (1, 11) — 3 candidates, lookahead=1
    right(agent7)                                       value=48.0000
  * wait(agent7)                                        value=49.0000
    down(agent7)                                        value=48.0000
        chosen: wait(agent7)  (best_value=49.0000)
[DEBUG d>=2] k=4 (idx=2 in order) at (3, 11) — 4 candidates, lookahead=1
    right(agent4)                                       value=43.0000
    wait(agent4)                                        value=44.0000
    up(agent4)                                          value=44.0000
  * down(agent4)                                        value=45.0000
        chosen: down(agent4)  (best_value=45.0000)
[DEBUG d>=2] k=2 (idx=3 in order) at (5, 7) — 5 candidates, lookahead=1
  * left(agent2)                                        value=46.0000
    right(agent2)                                       value=44.0000
    wait(agent2)                                        value=45.0000
    up(agent2)                                          value=46.0000
    down(agent2)                                        value=44.0000
        chosen: left(agent2)  (best_value=46.0000)
[DEBUG d>=2] k=3 (idx=4 in order) at (7, 8) — 5 candidates, lookahead=1
  * left(agent3)                                        value=43.0000
    right(agent3)                                       value=41.0000
    wait(agent3)                                        value=42.0000
    up(agent3)                                          value=43.0000
    down(agent3)                                        value=41.0000
        chosen: left(agent3)  (best_value=43.0000)
[DEBUG d>=2] k=1 (idx=5 in order) at (5, 9) — 4 candidates, lookahead=1
  * left(agent1)                                        value=42.0000
    right(agent1)                                       value=40.0000
    wait(agent1)                                        value=41.0000
    down(agent1)                                        value=39.0000
        chosen: left(agent1)  (best_value=42.0000)
[DEBUG d>=2] k=8 (idx=6 in order) at (2, 7) — 3 candidates, lookahead=1
  * wait(agent8)                                        value=48.0000
    up(agent8)                                          value=48.0000
    down(agent8)                                        value=46.0000
        chosen: wait(agent8)  (best_value=48.0000)
[DEBUG d>=2] k=5 (idx=7 in order) at (3, 7) — 5 candidates, lookahead=1
  * left(agent5)                                        value=48.0000
    right(agent5)                                       value=46.0000
    wait(agent5)                                        value=47.0000
    up(agent5)                                          value=48.0000
    down(agent5)                                        value=48.0000
        chosen: left(agent5)  (best_value=48.0000)
[DEBUG d>=2] k=6 (idx=8 in order) at (4, 10) — 4 candidates, lookahead=1
    left(agent6)                                        value=41.0000
  * right(agent6)                                       value=43.0000
    wait(agent6)                                        value=43.0000
    up(agent6)                                          value=42.0000
        chosen: right(agent6)  (best_value=43.0000)
[DEBUG d>=2] k=7 (idx=1 in order) at (1, 11) — 3 candidates, lookahead=1
    right(agent7)                                       value=45.0000
    wait(agent7)                                        value=46.0000
  * down(agent7)                                        value=47.0000
        chosen: down(agent7)  (best_value=47.0000)
[DEBUG d>=2] k=4 (idx=2 in order) at (3, 12) — 5 candidates, lookahead=1
  * left(agent4)                                        value=46.0000
    right(agent4)                                       value=44.0000
    wait(agent4)                                        value=45.0000
    up(agent4)                                          value=44.0000
    down(agent4)                                        value=46.0000
        chosen: left(agent4)  (best_value=46.0000)
[DEBUG d>=2] k=2 (idx=3 in order) at (4, 7) — 4 candidates, lookahead=1
    right(agent2)                                       value=44.0000
    wait(agent2)                                        value=45.0000
  * up(agent2)                                          value=46.0000
    down(agent2)                                        value=44.0000
        chosen: up(agent2)  (best_value=46.0000)
[DEBUG d>=2] k=3 (idx=4 in order) at (6, 8) — 5 candidates, lookahead=1
  * left(agent3)                                        value=43.0000
    right(agent3)                                       value=41.0000
    wait(agent3)                                        value=42.0000
    up(agent3)                                          value=43.0000
    down(agent3)                                        value=41.0000
        chosen: left(agent3)  (best_value=43.0000)
[DEBUG d>=2] k=1 (idx=5 in order) at (4, 9) — 4 candidates, lookahead=1
    left(agent1)                                        value=43.0000
    right(agent1)                                       value=41.0000
  * wait(agent1)                                        value=45.0000
    down(agent1)                                        value=44.0000
        chosen: wait(agent1)  (best_value=45.0000)
[DEBUG d>=2] k=8 (idx=6 in order) at (2, 7) — 3 candidates, lookahead=1
    wait(agent8)                                        value=47.0000
  * up(agent8)                                          value=48.0000
    down(agent8)                                        value=48.0000
        chosen: up(agent8)  (best_value=48.0000)
[DEBUG d>=2] k=5 (idx=7 in order) at (3, 7) — 5 candidates, lookahead=1
  * left(agent5)                                        value=47.0000
    right(agent5)                                       value=45.0000
    wait(agent5)                                        value=46.0000
    up(agent5)                                          value=47.0000
    down(agent5)                                        value=45.0000
        chosen: left(agent5)  (best_value=47.0000)
[DEBUG d>=2] k=6 (idx=8 in order) at (5, 10) — 4 candidates, lookahead=1
  * left(agent6)                                        value=40.0000
    right(agent6)                                       value=39.0000
    wait(agent6)                                        value=39.0000
    down(agent6)                                        value=40.0000
        chosen: left(agent6)  (best_value=40.0000)
[DEBUG d>=2] k=7 (idx=1 in order) at (1, 12) — 3 candidates, lookahead=1
    wait(agent7)                                        value=47.0000
    up(agent7)                                          value=46.0000
  * down(agent7)                                        value=48.0000
        chosen: down(agent7)  (best_value=48.0000)
[DEBUG d>=2] k=4 (idx=2 in order) at (2, 12) — 5 candidates, lookahead=1
  * left(agent4)                                        value=47.0000
    right(agent4)                                       value=45.0000
    wait(agent4)                                        value=46.0000
    up(agent4)                                          value=45.0000
    down(agent4)                                        value=47.0000
        chosen: left(agent4)  (best_value=47.0000)
[DEBUG d>=2] k=2 (idx=3 in order) at (4, 6) — 5 candidates, lookahead=1
  * left(agent2)                                        value=47.0000
    right(agent2)                                       value=45.0000
    wait(agent2)                                        value=46.0000
    up(agent2)                                          value=47.0000
    down(agent2)                                        value=45.0000
        chosen: left(agent2)  (best_value=47.0000)
[DEBUG d>=2] k=3 (idx=4 in order) at (5, 8) — 5 candidates, lookahead=1
  * left(agent3)                                        value=44.0000
    right(agent3)                                       value=42.0000
    wait(agent3)                                        value=43.0000
    up(agent3)                                          value=44.0000
    down(agent3)                                        value=41.0000
        chosen: left(agent3)  (best_value=44.0000)
[DEBUG d>=2] k=1 (idx=5 in order) at (4, 9) — 3 candidates, lookahead=1
    left(agent1)                                        value=43.0000
  * wait(agent1)                                        value=45.0000
    up(agent1)                                          value=44.0000
        chosen: wait(agent1)  (best_value=45.0000)
[DEBUG d>=2] k=8 (idx=6 in order) at (2, 6) — 3 candidates, lookahead=1
    right(agent8)                                       value=47.0000
    wait(agent8)                                        value=48.0000
  * up(agent8)                                          value=49.0000
        chosen: up(agent8)  (best_value=49.0000)
[DEBUG d>=2] k=5 (idx=7 in order) at (2, 7) — 4 candidates, lookahead=1
    right(agent5)                                       value=46.0000
  * wait(agent5)                                        value=49.0000
    up(agent5)                                          value=48.0000
    down(agent5)                                        value=48.0000
        chosen: wait(agent5)  (best_value=49.0000)
[DEBUG d>=2] k=6 (idx=8 in order) at (4, 10) — 5 candidates, lookahead=1
  * left(agent6)                                        value=41.0000
    right(agent6)                                       value=39.0000
    wait(agent6)                                        value=40.0000
    up(agent6)                                          value=41.0000
    down(agent6)                                        value=41.0000
        chosen: left(agent6)  (best_value=41.0000)
[DEBUG d>=2] k=7 (idx=1 in order) at (1, 13) — 3 candidates, lookahead=1
    right(agent7)                                       value=47.0000
    wait(agent7)                                        value=48.0000
  * down(agent7)                                        value=49.0000
        chosen: down(agent7)  (best_value=49.0000)
[DEBUG d>=2] k=4 (idx=2 in order) at (1, 12) — 4 candidates, lookahead=1
    right(agent4)                                       value=45.0000
  * wait(agent4)                                        value=47.0000
    up(agent4)                                          value=46.0000
    down(agent4)                                        value=47.0000
        chosen: wait(agent4)  (best_value=47.0000)
[DEBUG d>=2] k=2 (idx=3 in order) at (3, 6) — 5 candidates, lookahead=1
    left(agent2)                                        value=47.0000
    right(agent2)                                       value=46.0000
    wait(agent2)                                        value=47.0000
  * up(agent2)                                          value=48.0000
    down(agent2)                                        value=46.0000
        chosen: up(agent2)  (best_value=48.0000)
[DEBUG d>=2] k=3 (idx=4 in order) at (4, 8) — 4 candidates, lookahead=1
  * left(agent3)                                        value=45.0000
    right(agent3)                                       value=43.0000
    wait(agent3)                                        value=44.0000
    up(agent3)                                          value=45.0000
        chosen: left(agent3)  (best_value=45.0000)
[DEBUG d>=2] k=1 (idx=5 in order) at (4, 9) — 5 candidates, lookahead=1
  * left(agent1)                                        value=43.0000
    right(agent1)                                       value=41.0000
    wait(agent1)                                        value=42.0000
    up(agent1)                                          value=43.0000
    down(agent1)                                        value=40.0000
        chosen: left(agent1)  (best_value=43.0000)
[DEBUG d>=2] k=8 (idx=6 in order) at (2, 5) — 4 candidates, lookahead=1
    right(agent8)                                       value=47.0000
  * wait(agent8)                                        value=49.0000
    up(agent8)                                          value=49.0000
    down(agent8)                                        value=47.0000
        chosen: wait(agent8)  (best_value=49.0000)
[DEBUG d>=2] k=5 (idx=7 in order) at (2, 7) — 4 candidates, lookahead=1
    right(agent5)                                       value=46.0000
    wait(agent5)                                        value=47.0000
    up(agent5)                                          value=46.0000
  * down(agent5)                                        value=48.0000
        chosen: down(agent5)  (best_value=48.0000)
[DEBUG d>=2] k=6 (idx=8 in order) at (3, 10) — 5 candidates, lookahead=1
  * left(agent6)                                        value=45.0000
    right(agent6)                                       value=44.0000
    wait(agent6)                                        value=44.0000
    up(agent6)                                          value=43.0000
    down(agent6)                                        value=43.0000
        chosen: left(agent6)  (best_value=45.0000)
[DEBUG d>=2] k=7 (idx=1 in order) at (1, 14) — 3 candidates, lookahead=1
    right(agent7)                                       value=48.0000
  * wait(agent7)                                        value=49.0000
    up(agent7)                                          value=48.0000
        chosen: wait(agent7)  (best_value=49.0000)
[DEBUG d>=2] k=4 (idx=2 in order) at (1, 12) — 4 candidates, lookahead=1
    right(agent4)                                       value=46.0000
    wait(agent4)                                        value=47.0000
  * up(agent4)                                          value=48.0000
    down(agent4)                                        value=48.0000
        chosen: up(agent4)  (best_value=48.0000)
[DEBUG d>=2] k=2 (idx=3 in order) at (3, 5) — 4 candidates, lookahead=1
    right(agent2)                                       value=47.0000
    wait(agent2)                                        value=47.0000
  * up(agent2)                                          value=49.0000
    down(agent2)                                        value=46.0000
        chosen: up(agent2)  (best_value=49.0000)
[DEBUG d>=2] k=3 (idx=4 in order) at (3, 8) — 3 candidates, lookahead=1
    right(agent3)                                       value=44.0000
    wait(agent3)                                        value=45.0000
  * up(agent3)                                          value=46.0000
        chosen: up(agent3)  (best_value=46.0000)
[DEBUG d>=2] k=1 (idx=5 in order) at (3, 9) — 5 candidates, lookahead=1
    left(agent1)                                        value=44.0000
    right(agent1)                                       value=42.0000
    wait(agent1)                                        value=43.0000
  * up(agent1)                                          value=45.0000
    down(agent1)                                        value=41.0000
        chosen: up(agent1)  (best_value=45.0000)
[DEBUG d>=2] k=8 (idx=6 in order) at (2, 5) — 4 candidates, lookahead=1
    right(agent8)                                       value=48.0000
    wait(agent8)                                        value=49.0000
  * up(agent8)                                          value=50.0000
    down(agent8)                                        value=48.0000
        chosen: up(agent8)  (best_value=50.0000)
[DEBUG d>=2] k=5 (idx=7 in order) at (2, 8) — 4 candidates, lookahead=1
  * right(agent5)                                       value=47.0000
    wait(agent5)                                        value=45.0000
    up(agent5)                                          value=47.0000
    down(agent5)                                        value=44.0000
        chosen: right(agent5)  (best_value=47.0000)
[DEBUG d>=2] k=6 (idx=8 in order) at (2, 10) — 2 candidates, lookahead=1
  * wait(agent6)                                        value=45.0000
    down(agent6)                                        value=45.0000
        chosen: wait(agent6)  (best_value=45.0000)
[DEBUG d>=2] k=7 (idx=1 in order) at (1, 14) — 3 candidates, lookahead=1
  * right(agent7)                                       value=48.0000
    wait(agent7)                                        value=48.0000
    up(agent7)                                          value=48.0000
        chosen: right(agent7)  (best_value=48.0000)
[DEBUG d>=2] k=4 (idx=2 in order) at (1, 11) — 3 candidates, lookahead=1
    right(agent4)                                       value=44.0000
  * wait(agent4)                                        value=46.0000
    down(agent4)                                        value=46.0000
        chosen: wait(agent4)  (best_value=46.0000)
[DEBUG d>=2] k=2 (idx=3 in order) at (3, 4) — 4 candidates, lookahead=1
    right(agent2)                                       value=50.0000
    wait(agent2)                                        value=48.0000
  * up(agent2)                                          value=52.0000
    down(agent2)                                        value=50.0000
        chosen: up(agent2)  (best_value=52.0000)
[DEBUG d>=2] k=3 (idx=4 in order) at (3, 7) — 4 candidates, lookahead=1
  * left(agent3)                                        value=48.0000
    right(agent3)                                       value=44.0000
    wait(agent3)                                        value=46.0000
    up(agent3)                                          value=48.0000
        chosen: left(agent3)  (best_value=48.0000)
[DEBUG d>=2] k=1 (idx=5 in order) at (3, 8) — 4 candidates, lookahead=1
    right(agent1)                                       value=44.0000
    wait(agent1)                                        value=45.0000
  * up(agent1)                                          value=46.0000
    down(agent1)                                        value=43.0000
        chosen: up(agent1)  (best_value=46.0000)
[DEBUG d>=2] k=8 (idx=6 in order) at (2, 4) — 5 candidates, lookahead=1
  * left(agent8)                                        value=53.0000
    right(agent8)                                       value=49.0000
    wait(agent8)                                        value=49.0000
    up(agent8)                                          value=53.0000
    down(agent8)                                        value=49.0000
        chosen: left(agent8)  (best_value=53.0000)
[DEBUG d>=2] k=5 (idx=7 in order) at (2, 8) — 4 candidates, lookahead=1
    right(agent5)                                       value=44.0000
  * wait(agent5)                                        value=46.0000
    up(agent5)                                          value=46.0000
    down(agent5)                                        value=44.0000
        chosen: wait(agent5)  (best_value=46.0000)
[DEBUG d>=2] k=6 (idx=8 in order) at (2, 10) — 2 candidates, lookahead=1
    right(agent6)                                       value=41.0000
  * wait(agent6)                                        value=42.0000
        chosen: wait(agent6)  (best_value=42.0000)
[DEBUG d>=2] k=7 (idx=1 in order) at (2, 14) — 4 candidates, lookahead=1
  * left(agent7)                                        value=50.0000
    right(agent7)                                       value=48.0000
    wait(agent7)                                        value=48.0000
    up(agent7)                                          value=46.0000
        chosen: left(agent7)  (best_value=50.0000)
[DEBUG d>=2] k=4 (idx=2 in order) at (1, 11) — 3 candidates, lookahead=1
    right(agent4)                                       value=45.0000
    wait(agent4)                                        value=45.0000
  * down(agent4)                                        value=47.0000
        chosen: down(agent4)  (best_value=47.0000)
[DEBUG d>=2] k=2 (idx=3 in order) at (3, 3) — 5 candidates, lookahead=1
  * left(agent2)                                        value=52.0000
    right(agent2)                                       value=48.0000
    wait(agent2)                                        value=49.0000
    up(agent2)                                          value=52.0000
    down(agent2)                                        value=49.0000
        chosen: left(agent2)  (best_value=52.0000)
[DEBUG d>=2] k=3 (idx=4 in order) at (2, 7) — 2 candidates, lookahead=1
    wait(agent3)                                        value=46.0000
  * up(agent3)                                          value=47.0000
        chosen: up(agent3)  (best_value=47.0000)
[DEBUG d>=2] k=1 (idx=5 in order) at (3, 7) — 5 candidates, lookahead=1
    left(agent1)                                        value=46.0000
    right(agent1)                                       value=44.0000
    wait(agent1)                                        value=45.0000
  * up(agent1)                                          value=47.0000
    down(agent1)                                        value=45.0000
        chosen: up(agent1)  (best_value=47.0000)
[DEBUG d>=2] k=8 (idx=6 in order) at (1, 4) — 3 candidates, lookahead=1
    right(agent8)                                       value=50.0000
  * wait(agent8)                                        value=51.0000
    up(agent8)                                          value=51.0000
        chosen: wait(agent8)  (best_value=51.0000)
[DEBUG d>=2] k=5 (idx=7 in order) at (2, 8) — 3 candidates, lookahead=1
    wait(agent5)                                        value=45.0000
  * up(agent5)                                          value=46.0000
    down(agent5)                                        value=44.0000
        chosen: up(agent5)  (best_value=46.0000)
[DEBUG d>=2] k=6 (idx=8 in order) at (2, 10) — 2 candidates, lookahead=1
    right(agent6)                                       value=41.0000
  * wait(agent6)                                        value=42.0000
        chosen: wait(agent6)  (best_value=42.0000)
[DEBUG d>=2] k=7 (idx=1 in order) at (1, 14) — 3 candidates, lookahead=1
    right(agent7)                                       value=47.0000
  * wait(agent7)                                        value=48.0000
    up(agent7)                                          value=47.0000
        chosen: wait(agent7)  (best_value=48.0000)
[DEBUG d>=2] k=4 (idx=2 in order) at (1, 12) — 4 candidates, lookahead=1
    right(agent4)                                       value=45.0000
    wait(agent4)                                        value=46.0000
    up(agent4)                                          value=45.0000
  * down(agent4)                                        value=47.0000
        chosen: down(agent4)  (best_value=47.0000)
[DEBUG d>=2] k=2 (idx=3 in order) at (2, 3) — 5 candidates, lookahead=1
  * left(agent2)                                        value=51.0000
    right(agent2)                                       value=49.0000
    wait(agent2)                                        value=50.0000
    up(agent2)                                          value=51.0000
    down(agent2)                                        value=49.0000
        chosen: left(agent2)  (best_value=51.0000)
[DEBUG d>=2] k=3 (idx=4 in order) at (2, 6) — 2 candidates, lookahead=1
    wait(agent3)                                        value=47.0000
  * up(agent3)                                          value=48.0000
        chosen: up(agent3)  (best_value=48.0000)
[DEBUG d>=2] k=1 (idx=5 in order) at (3, 6) — 5 candidates, lookahead=1
  * left(agent1)                                        value=47.0000
    right(agent1)                                       value=45.0000
    wait(agent1)                                        value=46.0000
    up(agent1)                                          value=47.0000
    down(agent1)                                        value=45.0000
        chosen: left(agent1)  (best_value=47.0000)
[DEBUG d>=2] k=8 (idx=6 in order) at (1, 4) — 2 candidates, lookahead=1
    wait(agent8)                                        value=50.0000
  * up(agent8)                                          value=51.0000
        chosen: up(agent8)  (best_value=51.0000)
[DEBUG d>=2] k=5 (idx=7 in order) at (2, 7) — 4 candidates, lookahead=1
    right(agent5)                                       value=46.0000
    wait(agent5)                                        value=46.0000
  * up(agent5)                                          value=47.0000
    down(agent5)                                        value=45.0000
        chosen: up(agent5)  (best_value=47.0000)
[DEBUG d>=2] k=6 (idx=8 in order) at (2, 10) — 4 candidates, lookahead=1
    right(agent6)                                       value=41.0000
    wait(agent6)                                        value=42.0000
  * up(agent6)                                          value=43.0000
    down(agent6)                                        value=43.0000
        chosen: up(agent6)  (best_value=43.0000)
[DEBUG d>=2] k=7 (idx=1 in order) at (1, 14) — 2 candidates, lookahead=1
    right(agent7)                                       value=47.0000
  * wait(agent7)                                        value=48.0000
        chosen: wait(agent7)  (best_value=48.0000)
[DEBUG d>=2] k=4 (idx=2 in order) at (1, 13) — 4 candidates, lookahead=1
    right(agent4)                                       value=45.0000
    wait(agent4)                                        value=46.0000
    up(agent4)                                          value=45.0000
  * down(agent4)                                        value=48.0000
        chosen: down(agent4)  (best_value=48.0000)
[DEBUG d>=2] k=2 (idx=3 in order) at (1, 3) — 3 candidates, lookahead=1
    right(agent2)                                       value=50.0000
    wait(agent2)                                        value=51.0000
  * up(agent2)                                          value=52.0000
        chosen: up(agent2)  (best_value=52.0000)
[DEBUG d>=2] k=3 (idx=4 in order) at (2, 5) — 3 candidates, lookahead=1
    right(agent3)                                       value=47.0000
    wait(agent3)                                        value=48.0000
  * up(agent3)                                          value=49.0000
        chosen: up(agent3)  (best_value=49.0000)
[DEBUG d>=2] k=1 (idx=5 in order) at (2, 6) — 3 candidates, lookahead=1
    right(agent1)                                       value=45.0000
    wait(agent1)                                        value=46.0000
  * up(agent1)                                          value=48.0000
        chosen: up(agent1)  (best_value=48.0000)
[DEBUG d>=2] k=8 (idx=6 in order) at (1, 4) — 3 candidates, lookahead=1
    right(agent8)                                       value=48.0000
    wait(agent8)                                        value=49.0000
  * up(agent8)                                          value=51.0000
        chosen: up(agent8)  (best_value=51.0000)
[DEBUG d>=2] k=5 (idx=7 in order) at (2, 7) — 4 candidates, lookahead=1
    right(agent5)                                       value=44.0000
    wait(agent5)                                        value=45.0000
  * up(agent5)                                          value=47.0000
    down(agent5)                                        value=45.0000
        chosen: up(agent5)  (best_value=47.0000)
[DEBUG d>=2] k=6 (idx=8 in order) at (2, 9) — 3 candidates, lookahead=1
    right(agent6)                                       value=42.0000
  * wait(agent6)                                        value=43.0000
    down(agent6)                                        value=42.0000
        chosen: wait(agent6)  (best_value=43.0000)
[DEBUG d>=2] k=7 (idx=1 in order) at (1, 14) — 2 candidates, lookahead=1
  * right(agent7)                                       value=47.0000
    wait(agent7)                                        value=47.0000
        chosen: right(agent7)  (best_value=47.0000)
[DEBUG d>=2] k=4 (idx=2 in order) at (1, 13) — 4 candidates, lookahead=1
    right(agent4)                                       value=46.0000
  * wait(agent4)                                        value=47.0000
    up(agent4)                                          value=45.0000
    down(agent4)                                        value=47.0000
        chosen: wait(agent4)  (best_value=47.0000)
[DEBUG d>=2] k=2 (idx=3 in order) at (1, 2) — 3 candidates, lookahead=1
    right(agent2)                                       value=50.0000
    wait(agent2)                                        value=52.0000
  * up(agent2)                                          value=53.0000
        chosen: up(agent2)  (best_value=53.0000)
[DEBUG d>=2] k=3 (idx=4 in order) at (2, 4) — 4 candidates, lookahead=1
    left(agent3)                                        value=49.0000
    right(agent3)                                       value=47.0000
    wait(agent3)                                        value=49.0000
  * up(agent3)                                          value=50.0000
        chosen: up(agent3)  (best_value=50.0000)
[DEBUG d>=2] k=1 (idx=5 in order) at (2, 5) — 3 candidates, lookahead=1
    right(agent1)                                       value=46.0000
  * wait(agent1)                                        value=48.0000
    up(agent1)                                          value=48.0000
        chosen: wait(agent1)  (best_value=48.0000)
[DEBUG d>=2] k=8 (idx=6 in order) at (1, 3) — 4 candidates, lookahead=1
    right(agent8)                                       value=49.0000
  * wait(agent8)                                        value=51.0000
    up(agent8)                                          value=51.0000
    down(agent8)                                        value=49.0000
        chosen: wait(agent8)  (best_value=51.0000)
[DEBUG d>=2] k=5 (idx=7 in order) at (2, 6) — 4 candidates, lookahead=1
    right(agent5)                                       value=46.0000
  * wait(agent5)                                        value=47.0000
    up(agent5)                                          value=47.0000
    down(agent5)                                        value=46.0000
        chosen: wait(agent5)  (best_value=47.0000)
[DEBUG d>=2] k=6 (idx=8 in order) at (2, 9) — 4 candidates, lookahead=1
    right(agent6)                                       value=42.0000
    wait(agent6)                                        value=43.0000
  * up(agent6)                                          value=44.0000
    down(agent6)                                        value=42.0000
        chosen: up(agent6)  (best_value=44.0000)
[DEBUG d>=2] k=7 (idx=1 in order) at (2, 14) — 4 candidates, lookahead=1
  * left(agent7)                                        value=47.0000
    right(agent7)                                       value=45.0000
    wait(agent7)                                        value=46.0000
    up(agent7)                                          value=45.0000
        chosen: left(agent7)  (best_value=47.0000)
[DEBUG d>=2] k=4 (idx=2 in order) at (1, 13) — 4 candidates, lookahead=1
    right(agent4)                                       value=46.0000
    wait(agent4)                                        value=46.0000
    up(agent4)                                          value=45.0000
  * down(agent4)                                        value=47.0000
        chosen: down(agent4)  (best_value=47.0000)
[DEBUG d>=2] k=2 (idx=3 in order) at (1, 1) — 3 candidates, lookahead=1
    right(agent2)                                       value=51.0000
  * wait(agent2)                                        value=52.0000
    down(agent2)                                        value=51.0000
        chosen: wait(agent2)  (best_value=52.0000)
[DEBUG d>=2] k=3 (idx=4 in order) at (2, 3) — 4 candidates, lookahead=1
    right(agent3)                                       value=48.0000
    wait(agent3)                                        value=49.0000
  * up(agent3)                                          value=50.0000
    down(agent3)                                        value=48.0000
        chosen: up(agent3)  (best_value=50.0000)
[DEBUG d>=2] k=1 (idx=5 in order) at (2, 5) — 3 candidates, lookahead=1
    right(agent1)                                       value=46.0000
  * wait(agent1)                                        value=47.0000
    up(agent1)                                          value=47.0000
        chosen: wait(agent1)  (best_value=47.0000)
[DEBUG d>=2] k=8 (idx=6 in order) at (1, 3) — 3 candidates, lookahead=1
    right(agent8)                                       value=49.0000
  * wait(agent8)                                        value=50.0000
    down(agent8)                                        value=49.0000
        chosen: wait(agent8)  (best_value=50.0000)
[DEBUG d>=2] k=5 (idx=7 in order) at (2, 6) — 4 candidates, lookahead=1
    right(agent5)                                       value=45.0000
    wait(agent5)                                        value=46.0000
  * up(agent5)                                          value=47.0000
    down(agent5)                                        value=45.0000
        chosen: up(agent5)  (best_value=47.0000)
[DEBUG d>=2] k=6 (idx=8 in order) at (2, 8) — 3 candidates, lookahead=1
    right(agent6)                                       value=43.0000
  * wait(agent6)                                        value=44.0000
    down(agent6)                                        value=43.0000
        chosen: wait(agent6)  (best_value=44.0000)
[DEBUG d>=2] k=7 (idx=1 in order) at (1, 14) — 2 candidates, lookahead=1
    right(agent7)                                       value=46.0000
  * wait(agent7)                                        value=47.0000
        chosen: wait(agent7)  (best_value=47.0000)
[DEBUG d>=2] k=4 (idx=2 in order) at (1, 13) — 4 candidates, lookahead=1
    right(agent4)                                       value=45.0000
    wait(agent4)                                        value=46.0000
    up(agent4)                                          value=45.0000
  * down(agent4)                                        value=47.0000
        chosen: down(agent4)  (best_value=47.0000)
[DEBUG d>=2] k=2 (idx=3 in order) at (1, 1) — 3 candidates, lookahead=1
    right(agent2)                                       value=51.0000
  * wait(agent2)                                        value=52.0000
    down(agent2)                                        value=51.0000
        chosen: wait(agent2)  (best_value=52.0000)
[DEBUG d>=2] k=3 (idx=4 in order) at (2, 2) — 4 candidates, lookahead=1
  * left(agent3)                                        value=51.0000
    right(agent3)                                       value=49.0000
    wait(agent3)                                        value=50.0000
    down(agent3)                                        value=49.0000
        chosen: left(agent3)  (best_value=51.0000)
[DEBUG d>=2] k=1 (idx=5 in order) at (2, 5) — 3 candidates, lookahead=1
    right(agent1)                                       value=46.0000
    wait(agent1)                                        value=47.0000
  * up(agent1)                                          value=48.0000
        chosen: up(agent1)  (best_value=48.0000)
[DEBUG d>=2] k=8 (idx=6 in order) at (1, 3) — 3 candidates, lookahead=1
    wait(agent8)                                        value=50.0000
  * up(agent8)                                          value=51.0000
    down(agent8)                                        value=49.0000
        chosen: up(agent8)  (best_value=51.0000)
[DEBUG d>=2] k=5 (idx=7 in order) at (2, 6) — 4 candidates, lookahead=1
    right(agent5)                                       value=45.0000
    wait(agent5)                                        value=46.0000
  * up(agent5)                                          value=47.0000
    down(agent5)                                        value=45.0000
        chosen: up(agent5)  (best_value=47.0000)
[DEBUG d>=2] k=6 (idx=8 in order) at (2, 8) — 4 candidates, lookahead=1
    right(agent6)                                       value=43.0000
  * wait(agent6)                                        value=44.0000
    up(agent6)                                          value=44.0000
    down(agent6)                                        value=43.0000
        chosen: wait(agent6)  (best_value=44.0000)
[DEBUG d>=2] k=7 (idx=1 in order) at (1, 14) — 2 candidates, lookahead=1
    right(agent7)                                       value=46.0000
  * wait(agent7)                                        value=47.0000
        chosen: wait(agent7)  (best_value=47.0000)
[DEBUG d>=2] k=4 (idx=2 in order) at (1, 13) — 4 candidates, lookahead=1
    right(agent4)                                       value=45.0000
    wait(agent4)                                        value=46.0000
    up(agent4)                                          value=45.0000
  * down(agent4)                                        value=47.0000
        chosen: down(agent4)  (best_value=47.0000)
[DEBUG d>=2] k=2 (idx=3 in order) at (1, 1) — 2 candidates, lookahead=1
    right(agent2)                                       value=51.0000
  * wait(agent2)                                        value=52.0000
        chosen: wait(agent2)  (best_value=52.0000)
[DEBUG d>=2] k=3 (idx=4 in order) at (1, 2) — 3 candidates, lookahead=1
    right(agent3)                                       value=50.0000
    wait(agent3)                                        value=51.0000
  * up(agent3)                                          value=52.0000
        chosen: up(agent3)  (best_value=52.0000)
[DEBUG d>=2] k=1 (idx=5 in order) at (2, 4) — 4 candidates, lookahead=1
  * left(agent1)                                        value=49.0000
    right(agent1)                                       value=47.0000
    wait(agent1)                                        value=48.0000
    up(agent1)                                          value=49.0000
        chosen: left(agent1)  (best_value=49.0000)
[DEBUG d>=2] k=8 (idx=6 in order) at (1, 3) — 4 candidates, lookahead=1
    right(agent8)                                       value=49.0000
    wait(agent8)                                        value=50.0000
  * up(agent8)                                          value=51.0000
    down(agent8)                                        value=49.0000
        chosen: up(agent8)  (best_value=51.0000)
[DEBUG d>=2] k=5 (idx=7 in order) at (2, 5) — 4 candidates, lookahead=1
    right(agent5)                                       value=46.0000
    wait(agent5)                                        value=47.0000
  * up(agent5)                                          value=48.0000
    down(agent5)                                        value=46.0000
        chosen: up(agent5)  (best_value=48.0000)
[DEBUG d>=2] k=6 (idx=8 in order) at (2, 8) — 4 candidates, lookahead=1
    right(agent6)                                       value=43.0000
    wait(agent6)                                        value=44.0000
  * up(agent6)                                          value=45.0000
    down(agent6)                                        value=43.0000
        chosen: up(agent6)  (best_value=45.0000)
[DEBUG d>=2] k=7 (idx=1 in order) at (1, 14) — 2 candidates, lookahead=1
    right(agent7)                                       value=46.0000
  * wait(agent7)                                        value=47.0000
        chosen: wait(agent7)  (best_value=47.0000)
[DEBUG d>=2] k=4 (idx=2 in order) at (1, 13) — 4 candidates, lookahead=1
    right(agent4)                                       value=45.0000
    wait(agent4)                                        value=46.0000
    up(agent4)                                          value=45.0000
  * down(agent4)                                        value=47.0000
        chosen: down(agent4)  (best_value=47.0000)
[DEBUG d>=2] k=2 (idx=3 in order) at (1, 1) — 2 candidates, lookahead=1
    right(agent2)                                       value=51.0000
  * wait(agent2)                                        value=52.0000
        chosen: wait(agent2)  (best_value=52.0000)
[DEBUG d>=2] k=3 (idx=4 in order) at (1, 2) — 3 candidates, lookahead=1
    right(agent3)                                       value=50.0000
    wait(agent3)                                        value=51.0000
  * up(agent3)                                          value=52.0000
        chosen: up(agent3)  (best_value=52.0000)
[DEBUG d>=2] k=8 (idx=6 in order) at (1, 3) — 3 candidates, lookahead=1
    right(agent8)                                       value=49.0000
    wait(agent8)                                        value=50.0000
  * up(agent8)                                          value=51.0000
        chosen: up(agent8)  (best_value=51.0000)
[DEBUG d>=2] k=5 (idx=7 in order) at (2, 4) — 3 candidates, lookahead=1
    right(agent5)                                       value=47.0000
  * wait(agent5)                                        value=48.0000
    down(agent5)                                        value=47.0000
        chosen: wait(agent5)  (best_value=48.0000)
[DEBUG d>=2] k=6 (idx=8 in order) at (2, 7) — 4 candidates, lookahead=1
    right(agent6)                                       value=44.0000
    wait(agent6)                                        value=45.0000
  * up(agent6)                                          value=46.0000
    down(agent6)                                        value=44.0000
        chosen: up(agent6)  (best_value=46.0000)
[DEBUG d>=2] k=7 (idx=1 in order) at (1, 14) — 2 candidates, lookahead=1
    right(agent7)                                       value=46.0000
  * wait(agent7)                                        value=47.0000
        chosen: wait(agent7)  (best_value=47.0000)
[DEBUG d>=2] k=4 (idx=2 in order) at (1, 13) — 4 candidates, lookahead=1
    right(agent4)                                       value=45.0000
    wait(agent4)                                        value=46.0000
    up(agent4)                                          value=45.0000
  * down(agent4)                                        value=47.0000
        chosen: down(agent4)  (best_value=47.0000)
[DEBUG d>=2] k=2 (idx=3 in order) at (1, 1) — 2 candidates, lookahead=1
    right(agent2)                                       value=51.0000
  * wait(agent2)                                        value=52.0000
        chosen: wait(agent2)  (best_value=52.0000)
[DEBUG d>=2] k=3 (idx=4 in order) at (1, 2) — 3 candidates, lookahead=1
    right(agent3)                                       value=50.0000
    wait(agent3)                                        value=51.0000
  * up(agent3)                                          value=52.0000
        chosen: up(agent3)  (best_value=52.0000)
[DEBUG d>=2] k=8 (idx=6 in order) at (1, 3) — 3 candidates, lookahead=1
    right(agent8)                                       value=49.0000
    wait(agent8)                                        value=50.0000
  * up(agent8)                                          value=51.0000
        chosen: up(agent8)  (best_value=51.0000)
[DEBUG d>=2] k=5 (idx=7 in order) at (2, 4) — 3 candidates, lookahead=1
    right(agent5)                                       value=47.0000
  * wait(agent5)                                        value=48.0000
    down(agent5)                                        value=47.0000
        chosen: wait(agent5)  (best_value=48.0000)
[DEBUG d>=2] k=6 (idx=8 in order) at (2, 6) — 3 candidates, lookahead=1
    right(agent6)                                       value=45.0000
  * wait(agent6)                                        value=46.0000
    down(agent6)                                        value=45.0000
        chosen: wait(agent6)  (best_value=46.0000)
[DEBUG d>=2] k=7 (idx=1 in order) at (1, 14) — 2 candidates, lookahead=1
    right(agent7)                                       value=46.0000
  * wait(agent7)                                        value=47.0000
        chosen: wait(agent7)  (best_value=47.0000)
[DEBUG d>=2] k=4 (idx=2 in order) at (1, 13) — 4 candidates, lookahead=1
    right(agent4)                                       value=45.0000
    wait(agent4)                                        value=46.0000
    up(agent4)                                          value=45.0000
  * down(agent4)                                        value=47.0000
        chosen: down(agent4)  (best_value=47.0000)
[DEBUG d>=2] k=2 (idx=3 in order) at (1, 1) — 2 candidates, lookahead=1
    right(agent2)                                       value=51.0000
  * wait(agent2)                                        value=52.0000
        chosen: wait(agent2)  (best_value=52.0000)
[DEBUG d>=2] k=3 (idx=4 in order) at (1, 2) — 3 candidates, lookahead=1
    right(agent3)                                       value=50.0000
    wait(agent3)                                        value=51.0000
  * up(agent3)                                          value=52.0000
        chosen: up(agent3)  (best_value=52.0000)
[DEBUG d>=2] k=8 (idx=6 in order) at (1, 3) — 3 candidates, lookahead=1
    right(agent8)                                       value=49.0000
    wait(agent8)                                        value=50.0000
  * up(agent8)                                          value=51.0000
        chosen: up(agent8)  (best_value=51.0000)
[DEBUG d>=2] k=5 (idx=7 in order) at (2, 4) — 3 candidates, lookahead=1
    right(agent5)                                       value=47.0000
  * wait(agent5)                                        value=48.0000
    down(agent5)                                        value=47.0000
        chosen: wait(agent5)  (best_value=48.0000)
[DEBUG d>=2] k=6 (idx=8 in order) at (2, 6) — 3 candidates, lookahead=1
    right(agent6)                                       value=45.0000
  * wait(agent6)                                        value=46.0000
    down(agent6)                                        value=45.0000
        chosen: wait(agent6)  (best_value=46.0000)
Finished map yes_line_E → wrote yes_line_E.csv

[depth>=2 stats] fallbacks: 0 / 205 decisions (0.0%)
