Starting simulations (main3 — LEVEL×DEPTH):
  level = 0
  depth = 2
  maps = 1
  runs per map = 1
  threads = 1
  output dir = /Users/lie-panis/Library/CloudStorage/Dropbox/1. Research projects/2. Ongoing/Cutting the line/line_modeling-worktrees/proj2-nerfed/src/../data/simulations/debug_main7_yesE_2026-04-27_090113/raw
  save trajectories = true

Starting map yes_line_E (thread 1)
[1] map=yes_line_E.pddl run=1
ERROR: LoadError: TaskFailedException

    nested task error: MethodError: no method matching -(::MemoizedHeuristic{PlannerHeuristic{ForwardPlanner, typeof(identity), typeof(identity)}})
    
    Closest candidates are:
      -(!Matched::Time, !Matched::TimePeriod)
       @ Dates ~/.julia/juliaup/julia-1.10.10+0.aarch64.apple.darwin14/share/julia/stdlib/v1.10/Dates/src/arithmetic.jl:86
      -(!Matched::Bool, !Matched::Complex{Bool})
       @ Base complex.jl:307
      -(!Matched::Bool, !Matched::Bool)
       @ Base bool.jl:167
      ...
    
    Stacktrace:
      [1] evaluate_action(initial_state::GenericState, k::Int64, first_action::Compound, domain::GenericDomain, policies::Vector{BoltzmannPolicy}, order::Vector{Int64}, idx_in_order::Int64, lookahead_rounds::Int64, level::Int64, steps_to_go::MemoizedHeuristic{PlannerHeuristic{ForwardPlanner, typeof(identity), typeof(identity)}})
        @ Main ~/Library/CloudStorage/Dropbox/1. Research projects/2. Ongoing/Cutting the line/line_modeling-worktrees/proj2-nerfed/src/main7_d.jl:331
      [2] choose_forward_action(initial_state::GenericState, k::Int64, domain::GenericDomain, policies::Vector{BoltzmannPolicy}, steps_to_go::MemoizedHeuristic{PlannerHeuristic{ForwardPlanner, typeof(identity), typeof(identity)}}, order::Vector{Int64}, idx_in_order::Int64, depth::Int64, level::Int64)
        @ Main ~/Library/CloudStorage/Dropbox/1. Research projects/2. Ongoing/Cutting the line/line_modeling-worktrees/proj2-nerfed/src/main7_d.jl:375
      [3] simulation_step(state::GenericState, policies::Vector{BoltzmannPolicy}, domain::GenericDomain, order::Vector{Int64}, steps_to_go::MemoizedHeuristic{PlannerHeuristic{ForwardPlanner, typeof(identity), typeof(identity)}})
        @ Main ~/Library/CloudStorage/Dropbox/1. Research projects/2. Ongoing/Cutting the line/line_modeling-worktrees/proj2-nerfed/src/main7_d.jl:433
      [4] (::var"#36#39"{Vector{BoltzmannPolicy}, MemoizedHeuristic{PlannerHeuristic{ForwardPlanner, typeof(identity), typeof(identity)}}, GenericDomain, String, Int64, Vector{Int64}, Vector{Int64}, Int64})(io::IOStream)
        @ Main ~/Library/CloudStorage/Dropbox/1. Research projects/2. Ongoing/Cutting the line/line_modeling-worktrees/proj2-nerfed/src/main7_d.jl:510
      [5] open(::var"#36#39"{Vector{BoltzmannPolicy}, MemoizedHeuristic{PlannerHeuristic{ForwardPlanner, typeof(identity), typeof(identity)}}, GenericDomain, String, Int64, Vector{Int64}, Vector{Int64}, Int64}, ::String, ::Vararg{String}; kwargs::@Kwargs{})
        @ Base ./io.jl:396
      [6] open
        @ ./io.jl:393 [inlined]
      [7] macro expansion
        @ ~/Library/CloudStorage/Dropbox/1. Research projects/2. Ongoing/Cutting the line/line_modeling-worktrees/proj2-nerfed/src/main7_d.jl:503 [inlined]
      [8] macro expansion
        @ ./timing.jl:395 [inlined]
      [9] macro expansion
        @ ~/Library/CloudStorage/Dropbox/1. Research projects/2. Ongoing/Cutting the line/line_modeling-worktrees/proj2-nerfed/src/main7_d.jl:501 [inlined]
     [10] (::var"#100#threadsfor_fun#37"{var"#100#threadsfor_fun#35#38"{Base.OneTo{Int64}}})(tid::Int64; onethread::Bool)
        @ Main ./threadingconstructs.jl:215
     [11] #100#threadsfor_fun
        @ ./threadingconstructs.jl:182 [inlined]
     [12] (::Base.Threads.var"#1#2"{var"#100#threadsfor_fun#37"{var"#100#threadsfor_fun#35#38"{Base.OneTo{Int64}}}, Int64})()
        @ Base.Threads ./threadingconstructs.jl:154
Stacktrace:
 [1] threading_run(fun::var"#100#threadsfor_fun#37"{var"#100#threadsfor_fun#35#38"{Base.OneTo{Int64}}}, static::Bool)
   @ Base.Threads ./threadingconstructs.jl:172
 [2] macro expansion
   @ ./threadingconstructs.jl:220 [inlined]
 [3] run_simulations()
   @ Main ~/Library/CloudStorage/Dropbox/1. Research projects/2. Ongoing/Cutting the line/line_modeling-worktrees/proj2-nerfed/src/main7_d.jl:467
 [4] top-level scope
   @ ~/Library/CloudStorage/Dropbox/1. Research projects/2. Ongoing/Cutting the line/line_modeling-worktrees/proj2-nerfed/src/main7_d.jl:600
in expression starting at /Users/lie-panis/Library/CloudStorage/Dropbox/1. Research projects/2. Ongoing/Cutting the line/line_modeling-worktrees/proj2-nerfed/src/main7_d.jl:599
